main.c:59:6:display7SEG	16	static
main.c:154:6:update7SEG	16	static
main.c:190:6:updateClockBuffer	24	static
main.c:204:6:updateRowSignal	16	static
main.c:222:6:displayRowSignal	16	static
main.c:272:6:updateLEDMaxtrix	16	static
main.c:377:6:turnOffCol	8	static
main.c:395:6:setTimer0	16	static
main.c:399:6:setTimer1	16	static
main.c:403:6:timerRun	4	static
main.c:424:5:main	32	static
main.c:511:6:SystemClock_Config	72	static
main.c:547:13:MX_TIM2_Init	32	static
main.c:592:13:MX_GPIO_Init	32	static
main.c:641:6:HAL_TIM_PeriodElapsedCallback	16	static
main.c:650:6:Error_Handler	4	static,ignoring_inline_asm
